   Compiling uselesskey-core-x509-spec v0.3.0 (C:\Code\Rust\uselesskey-wt-73\crates\uselesskey-core-x509-spec)
   Compiling uselesskey-core-x509-chain-negative v0.3.0 (C:\Code\Rust\uselesskey-wt-73\crates\uselesskey-core-x509-chain-negative)
    Finished `test` profile [optimized + debuginfo] target(s) in 25.77s
     Running unittests src\lib.rs (target\debug\deps\uselesskey_core_x509_chain_negative-870512fca912162d.exe)

running 0 tests

test result: ok. 0 passed; 0 failed; 0 ignored; 0 measured; 0 filtered out; finished in 0.00s

     Running tests\chain_negative_tests.rs (target\debug\deps\chain_negative_tests-3dcb13b8e08221ec.exe)

running 2 tests
test chain_negative_apply_to_spec_all_variants ... ok
test chain_negative_variant_names_are_stable ... ok

test result: ok. 2 passed; 0 failed; 0 ignored; 0 measured; 0 filtered out; finished in 0.01s

     Running tests\integration.rs (target\debug\deps\integration-a88615cdabf631a1.exe)

running 22 tests
test apply_preserves_custom_rsa_bits ... ok
test apply_to_spec_does_not_mutate_original ... ok
test expired_leaf_does_not_touch_intermediate_or_root ... ok
test expired_intermediate_does_not_touch_leaf_or_root ... ok
test clone_produces_equal_value ... ok
test hash_differs_between_variants ... ok
test revoked_leaf_does_not_modify_spec ... ok
test variant_name_all_unit_variants ... ok
test expired_intermediate_sets_short_validity_and_past_offset ... ok
test ne_different_variants ... ok
test ne_same_variant_different_data ... ok
test unknown_ca_modifies_root_cn ... ok
test hash_equality_is_consistent ... ok
test expired_leaf_sets_short_validity_and_past_offset ... ok
test unknown_ca_preserves_leaf_and_intermediate ... ok
test eq_same_variant_same_data ... ok
test hostname_mismatch_preserves_ca_fields ... ok
test variant_name_hostname_mismatch_includes_hostname ... ok
test hostname_mismatch_overwrites_custom_sans ... ok
test variant_names_are_unique ... ok
test debug_contains_variant_name ... ok
test hostname_mismatch_replaces_leaf_cn_and_sans ... ok

test result: ok. 22 passed; 0 failed; 0 ignored; 0 measured; 0 filtered out; finished in 0.62s

   Doc-tests uselesskey_core_x509_chain_negative

running 0 tests

test result: ok. 0 passed; 0 failed; 0 ignored; 0 measured; 0 filtered out; finished in 0.00s

