---
source: crates/uselesskey-core-x509/tests/snapshots_core_x509.rs
assertion_line: 134
expression: variants
---
- variant: "hostname_mismatch:evil.example.com"
  leaf_cn: evil.example.com
  leaf_sans:
    - evil.example.com
  root_cn: chain.example.com Root CA
  leaf_validity_days: 3650
  intermediate_validity_days: 1825
  leaf_not_before: ~
  intermediate_not_before: ~
  intermediate_is_ca: ~
  intermediate_key_usage: ~
- variant: unknown_ca
  leaf_cn: chain.example.com
  leaf_sans:
    - chain.example.com
  root_cn: chain.example.com Unknown Root CA
  leaf_validity_days: 3650
  intermediate_validity_days: 1825
  leaf_not_before: ~
  intermediate_not_before: ~
  intermediate_is_ca: ~
  intermediate_key_usage: ~
- variant: expired_leaf
  leaf_cn: chain.example.com
  leaf_sans:
    - chain.example.com
  root_cn: chain.example.com Root CA
  leaf_validity_days: 1
  intermediate_validity_days: 1825
  leaf_not_before: DaysAgo(730)
  intermediate_not_before: ~
  intermediate_is_ca: ~
  intermediate_key_usage: ~
- variant: not_yet_valid_leaf
  leaf_cn: chain.example.com
  leaf_sans:
    - chain.example.com
  root_cn: chain.example.com Root CA
  leaf_validity_days: 3650
  intermediate_validity_days: 1825
  leaf_not_before: DaysFromNow(730)
  intermediate_not_before: ~
  intermediate_is_ca: ~
  intermediate_key_usage: ~
- variant: expired_intermediate
  leaf_cn: chain.example.com
  leaf_sans:
    - chain.example.com
  root_cn: chain.example.com Root CA
  leaf_validity_days: 3650
  intermediate_validity_days: 1
  leaf_not_before: ~
  intermediate_not_before: DaysAgo(730)
  intermediate_is_ca: ~
  intermediate_key_usage: ~
- variant: not_yet_valid_intermediate
  leaf_cn: chain.example.com
  leaf_sans:
    - chain.example.com
  root_cn: chain.example.com Root CA
  leaf_validity_days: 3650
  intermediate_validity_days: 1825
  leaf_not_before: ~
  intermediate_not_before: DaysFromNow(730)
  intermediate_is_ca: ~
  intermediate_key_usage: ~
- variant: intermediate_not_ca
  leaf_cn: chain.example.com
  leaf_sans:
    - chain.example.com
  root_cn: chain.example.com Root CA
  leaf_validity_days: 3650
  intermediate_validity_days: 1825
  leaf_not_before: ~
  intermediate_not_before: ~
  intermediate_is_ca: false
  intermediate_key_usage: ~
- variant: intermediate_wrong_key_usage
  leaf_cn: chain.example.com
  leaf_sans:
    - chain.example.com
  root_cn: chain.example.com Root CA
  leaf_validity_days: 3650
  intermediate_validity_days: 1825
  leaf_not_before: ~
  intermediate_not_before: ~
  intermediate_is_ca: true
  intermediate_key_usage:
    - 0
    - 0
    - 1
    - 0
- variant: revoked_leaf
  leaf_cn: chain.example.com
  leaf_sans:
    - chain.example.com
  root_cn: chain.example.com Root CA
  leaf_validity_days: 3650
  intermediate_validity_days: 1825
  leaf_not_before: ~
  intermediate_not_before: ~
  intermediate_is_ca: ~
  intermediate_key_usage: ~
