---
source: crates/uselesskey-cli/tests/cli.rs
assertion_line: 29
expression: pem
---
-----BEGIN PRIVATE KEY-----
MIIEvAIBADANBgkqhkiG9w0BAQEFAASCBKYwggSiAgEAAoIBAQDBEIAmTcF9Nz9x
BfxS2oybCKwKr3m50+/eGXQEtv2wi8CmLXDnKmlgkSv9KwaZROl0NXpkcAvOMxLx
Zqd9Mx7Mmt5XQ7lG6DA6Nh+B9uFzfJz0JCCTgBApDLBNjzPE2YR1IFj0y9JrwSAp
bf0diBeLzgk2qN8nyfCbR/SNxstQtgv3q8OG/V36WcVJmVnu9X6MyKGtwyCb0vRK
Ffgew80bA1KpwASswO0xRp2FXngZwzGb5n19xCFXPTOQ2GERyoVe2XFubScnyfNE
c/1wnQ5SyUs4/ubfxix5hm3o5hsHRgJI1hqIVwNXjP6Yne6wTvFhwQPS8HiWowA/
TkjrTGdpAgMBAAECggEAU9P+UKNiaCQc/85BiRgsBQT27ozSpcVIWX9jyMhLzuRf
ecgxRa48oxllqD+OVe5+D19JDWM5PQcgKoEQKGSR8vUrpWhaglc+2Ye2lo/DxIlO
/RLSsjjgy3Ie+w46xDZONS0ecuwtKWxpspN3W+NDlgiYJ4ubmYMtXb8YiJbQoPIo
QLJEmUm2mMq9rAMQ5jhE9tpXPJJlHiqxiLBTOHKVzxB3fApT7Wa702SKAkc88NP3
PxgHd0nLabPLECvNCvOZaim9xPkbBQ8w/2ZN3zE8W0RRdhJqB0kF+VtW0eAf3or9
lMGwwBamd/1RLS1K/BbQ8hQ+DOaYU7vrzo6N992mgQKBgQDFVAFLO3taARF8Ly0V
sOf6chAnN7Zbg9KC5w1QZnLihkHCUUe67/o1K+AceGbZnarrfLWnZGVKsSMjQ+h5
1Alcxcu0JFpZyoG2cfuEQiEs8b/P5/1SFEZf0nMQ5PHdUEq5MFbE9USzvXWturTd
txYAQACEAhzEX/Wg5x0sr4zG3QKBgQD6d/T75cGjgqmaldicQEX8A/vuobixXmQN
mt3MIVdWYOF1v3GYVPhwiPWtZTEz5TxnDpJxDuxhcvAP1UKNAEkk4CHkTx8b+RQ4
X2VIHrr3gWr1pS1WqzqWlMiDHO/6pmcPhXe6UUuvQ2d7F1tauyrcwY1mHKRxsQ+w
ShB3gavr/QKBgBSdrTDt+voxSGFgEGbGv8XDqvpd8Lho8lJoz1RKD9Co1C/4C/V0
4wAxIE35Kk2sElJeCiB99bMzBIfHrX8k7wF5TMn6TlI5PQoRqIRt4EdwzmhrRWUQ
5zVVqF3ofXhwzg3BBh+3vEDHF4daDVFosmy+Qw+HpPfDSsdPvhWQFbYlAoGATWz1
k0TD5irHCR1XN3365FvK7kqZ0GKQZVBBTg/kcrRCHecPU3q4zfjYkUBdxGARmv37
MO3fDoS8RviyuOmksryCXZRD1p7ZrE94/KFbRJWCHetwp4EI/HGDxlwUpxP3eenV
SAhHcCdS/s8Kk3KWXmWKs00ZXHfSlLlge8DfB3UCgYB+N3R43n+3TCo43n548suy
Y9vMPUE7NOdteNZBlWJkHlZ5euq36J4OsYyMSKOAhuaZtP9C/8pKr3XByPwACZZ6
VstGRUlNFqyTyoRSSnspGxTSpsrcXjoVDYcN2dRAc1s3kPi6bbOLzO4K97mRtg7M
1VKmyAjq1DtPUVhWKM+mdw==
-----END PRIVATE KEY-----
