---
source: crates/uselesskey-ecdsa/tests/snapshots_ecdsa.rs
expression: result
---
curve: P-256
private_pem_header: "-----BEGIN PRIVATE KEY-----"
private_pem_has_footer: true
private_pem_line_count: 5
public_pem_header: "-----BEGIN PUBLIC KEY-----"
public_pem_has_footer: true
public_pem_line_count: 4
private_der_len: 138
public_der_len: 91
