---
source: crates/uselesskey-ecdsa/tests/snapshots_ecdsa.rs
expression: entries
---
- curve: P-256
  alg: ES256
  deterministic: true
  private_pem_starts_with_begin: true
  public_pem_starts_with_begin: true
- curve: P-384
  alg: ES384
  deterministic: true
  private_pem_starts_with_begin: true
  public_pem_starts_with_begin: true
