---
source: crates/uselesskey-core-jwk/tests/jwk_tests.rs
expression: val
---
keys:
  - alg: ES256
    crv: P-256
    kid: key-a
    kty: EC
    use: sig
    x: "[REDACTED]"
    y: "[REDACTED]"
  - alg: RS256
    e: "[REDACTED]"
    kid: key-b
    kty: RSA
    n: "[REDACTED]"
    use: sig
  - alg: HS256
    k: "[REDACTED]"
    kid: key-c
    kty: oct
    use: sig
