---
source: crates/uselesskey-core-x509-chain-negative/tests/snapshots_chain_negative.rs
expression: variant_shape(&variant)
---
variant_name: unknown_ca
leaf_cn: test.example.com
root_cn: test.example.com Unknown Root CA
leaf_validity_days: 3650
intermediate_validity_days: 1825
leaf_not_before_offset_days: ~
intermediate_not_before_offset_days: ~
leaf_sans_count: 1
differs_from_base: true
